[INFO] Scanning for projects...
[INFO] 
[INFO] -------------------< com.iiiotwms:identity-service >--------------------
[INFO] Building  0.0.1-SNAPSHOT
[INFO]   from pom.xml
[INFO] --------------------------------[ jar ]---------------------------------
[INFO] 
[INFO] >>> spring-boot:4.1.1:run (default-cli) > test-compile @ identity-service >>>
[INFO] 
[INFO] --- resources:3.5.0:resources (default-resources) @ identity-service ---
[INFO] Copying 1 resource from src\main\resources to target\classes
[INFO] Copying 0 resource from src\main\resources to target\classes
[INFO] 
[INFO] --- compiler:3.15.0:compile (default-compile) @ identity-service ---
[INFO] Nothing to compile - all classes are up to date.
[INFO] 
[INFO] --- resources:3.5.0:testResources (default-testResources) @ identity-service ---
[INFO] skip non existing resourceDirectory c:\Users\psd_d\Workspace\iiiotwms\backend\identity-service\src\test\resources
[INFO] 
[INFO] --- compiler:3.15.0:testCompile (default-testCompile) @ identity-service ---
[INFO] Nothing to compile - all classes are up to date.
[INFO] 
[INFO] <<< spring-boot:4.1.1:run (default-cli) < test-compile @ identity-service <<<
[INFO] 
[INFO] 
[INFO] --- spring-boot:4.1.1:run (default-cli) @ identity-service ---
[INFO] Attaching agents: []

  .   ____          _            __ _ _
 /\\ / ___'_ __ _ _(_)_ __  __ _ \ \ \ \
( ( )\___ | '_ | '_| | '_ \/ _` | \ \ \ \
 \\/  ___)| |_)| | | | | || (_| |  ) ) ) )
  '  |____| .__|_| |_|_| |_\__, | / / / /
 =========|_|==============|___/=/_/_/_/

 :: Spring Boot ::                (v4.1.1)

2026-09-12T12:01:50.770+05:30  INFO 31428 --- [identity-service] [           main] c.i.identity.IdentityServiceApplication  : Starting IdentityServiceApplication using Java 26.0.2.1 with PID 31428 (C:\Users\psd_d\Workspace\iiiotwms\backend\identity-service\target\classes started by psd_d in c:\Users\psd_d\Workspace\iiiotwms\backend\identity-service)
2026-09-12T12:01:50.775+05:30  INFO 31428 --- [identity-service] [           main] c.i.identity.IdentityServiceApplication  : No active profile set, falling back to 1 default profile: "default"
2026-09-12T12:01:52.164+05:30  INFO 31428 --- [identity-service] [           main] .s.d.r.c.RepositoryConfigurationDelegate : Bootstrapping Spring Data JPA repositories in DEFAULT mode.
2026-09-12T12:01:52.240+05:30  INFO 31428 --- [identity-service] [           main] .s.d.r.c.RepositoryConfigurationDelegate : Finished Spring Data repository scanning in 60 ms. Found 1 JPA repository interface.
2026-09-12T12:01:53.017+05:30  INFO 31428 --- [identity-service] [           main] o.s.boot.tomcat.TomcatWebServer          : Tomcat initialized with port 8081 (http)
2026-09-12T12:01:53.041+05:30  INFO 31428 --- [identity-service] [           main] o.apache.catalina.core.StandardService   : Starting service [Tomcat]
2026-09-12T12:01:53.042+05:30  INFO 31428 --- [identity-service] [           main] o.apache.catalina.core.StandardEngine    : Starting Servlet engine: [Apache Tomcat/11.0.24]
2026-09-12T12:01:53.141+05:30  INFO 31428 --- [identity-service] [           main] b.w.c.s.WebApplicationContextInitializer : Root WebApplicationContext: initialization completed in 2279 ms
2026-09-12T12:01:53.367+05:30  INFO 31428 --- [identity-service] [           main] org.hibernate.orm.jpa                    : HHH008540: Processing PersistenceUnitInfo [name: default]
2026-09-12T12:01:53.454+05:30  INFO 31428 --- [identity-service] [           main] org.hibernate.orm.core                   : HHH000001: Hibernate ORM core version 7.4.5.Final
2026-09-12T12:01:54.032+05:30  INFO 31428 --- [identity-service] [           main] o.s.o.j.p.SpringPersistenceUnitInfo      : No LoadTimeWeaver setup: ignoring JPA class transformer
2026-09-12T12:01:54.076+05:30  INFO 31428 --- [identity-service] [           main] com.zaxxer.hikari.HikariDataSource       : HikariPool-1 - Starting...
2026-09-12T12:01:54.292+05:30  INFO 31428 --- [identity-service] [           main] com.zaxxer.hikari.pool.HikariPool        : HikariPool-1 - Added connection org.postgresql.jdbc.PgConnection@24068086
2026-09-12T12:01:54.295+05:30  INFO 31428 --- [identity-service] [           main] com.zaxxer.hikari.HikariDataSource       : HikariPool-1 - Start completed.
2026-09-12T12:01:54.340+05:30  WARN 31428 --- [identity-service] [           main] org.hibernate.orm.deprecation            : HHH90000025: PostgreSQLDialect does not need to be specified explicitly using 'hibernate.dialect' (remove the property setting and it will be selected by default)
2026-09-12T12:01:54.376+05:30  INFO 31428 --- [identity-service] [           main] org.hibernate.orm.connections.pooling    : HHH10001005: Database info:
	Database JDBC URL [jdbc:postgresql://localhost:5432/iiiotwms]
	Database driver: PostgreSQL JDBC Driver
	Database dialect: PostgreSQLDialect
	Database version: 18.6
	Default catalog/schema: iiiotwms/public
	Autocommit mode: undefined/unknown
	Isolation level: READ_COMMITTED [default READ_COMMITTED]
	JDBC fetch size: none
	Pool: DataSourceConnectionProvider
	Minimum pool size: undefined/unknown
	Maximum pool size: undefined/unknown
2026-09-12T12:01:55.662+05:30  INFO 31428 --- [identity-service] [           main] org.hibernate.orm.core                   : HHH000489: No JTA platform available (set 'hibernate.transaction.jta.platform' to enable JTA platform integration)
2026-09-12T12:01:55.744+05:30  INFO 31428 --- [identity-service] [           main] j.LocalContainerEntityManagerFactoryBean : Initialized JPA EntityManagerFactory for persistence unit 'default'
2026-09-12T12:01:55.828+05:30  INFO 31428 --- [identity-service] [           main] o.s.d.j.r.query.QueryEnhancerFactories   : Hibernate is in classpath; If applicable, HQL parser will be used.
2026-09-12T12:01:56.139+05:30  WARN 31428 --- [identity-service] [           main] JpaBaseConfiguration$JpaWebConfiguration : spring.jpa.open-in-view is enabled by default. Therefore, database queries may be performed during view rendering. Explicitly configure spring.jpa.open-in-view to disable this warning
2026-09-12T12:01:56.214+05:30  WARN 31428 --- [identity-service] [           main] .s.a.UserDetailsServiceAutoConfiguration : 

Using generated security password: 543a5236-2511-489e-ba27-04dae9244454

This generated password is for development use only. Your security configuration must be updated before running your application in production.

2026-09-12T12:01:56.221+05:30  INFO 31428 --- [identity-service] [           main] r$InitializeUserDetailsManagerConfigurer : Global AuthenticationManager configured with UserDetailsService bean with name inMemoryUserDetailsManager
2026-09-12T12:01:56.765+05:30  INFO 31428 --- [identity-service] [           main] o.s.boot.tomcat.TomcatWebServer          : Tomcat started on port 8081 (http) with context path '/'
2026-09-12T12:01:56.770+05:30  INFO 31428 --- [identity-service] [           main] c.i.identity.IdentityServiceApplication  : Started IdentityServiceApplication in 6.617 seconds (process running for 7.214)
^C