
  .   ____          _            __ _ _
 /\\ / ___'_ __ _ _(_)_ __  __ _ \ \ \ \
( ( )\___ | '_ | '_| | '_ \/ _` | \ \ \ \
 \\/  ___)| |_)| | | | | || (_| |  ) ) ) )
  '  |____| .__|_| |_|_| |_\__, | / / / /
 =========|_|==============|___/=/_/_/_/

 :: Spring Boot ::                (v4.1.1)

2026-09-08T19:22:21.636+05:30  INFO 28508 --- [user-service] [           main] c.i.user_service.UserServiceApplication  : Starting UserServiceApplication v0.0.1-SNAPSHOT using Java 26.0.2.1 with PID 28508 (C:\Users\psd_d\Workspace\CloudWMS\backend\user_service\target\user_service-0.0.1-SNAPSHOT.jar started by psd_d in C:\Users\psd_d\Workspace\CloudWMS\backend\user_service)
2026-09-08T19:22:21.639+05:30  INFO 28508 --- [user-service] [           main] c.i.user_service.UserServiceApplication  : No active profile set, falling back to 1 default profile: "default"
2026-09-08T19:22:23.082+05:30  INFO 28508 --- [user-service] [           main] .s.d.r.c.RepositoryConfigurationDelegate : Bootstrapping Spring Data JPA repositories in DEFAULT mode.
2026-09-08T19:22:23.152+05:30  INFO 28508 --- [user-service] [           main] .s.d.r.c.RepositoryConfigurationDelegate : Finished Spring Data repository scanning in 58 ms. Found 1 JPA repository interface.
2026-09-08T19:22:24.384+05:30  INFO 28508 --- [user-service] [           main] o.s.boot.tomcat.TomcatWebServer          : Tomcat initialized with port 8082 (http)
2026-09-08T19:22:24.415+05:30  INFO 28508 --- [user-service] [           main] o.apache.catalina.core.StandardService   : Starting service [Tomcat]
2026-09-08T19:22:24.416+05:30  INFO 28508 --- [user-service] [           main] o.apache.catalina.core.StandardEngine    : Starting Servlet engine: [Apache Tomcat/11.0.24]
2026-09-08T19:22:24.472+05:30  INFO 28508 --- [user-service] [           main] b.w.c.s.WebApplicationContextInitializer : Root WebApplicationContext: initialization completed in 2760 ms
2026-09-08T19:22:24.818+05:30  INFO 28508 --- [user-service] [           main] org.hibernate.orm.jpa                    : HHH008540: Processing PersistenceUnitInfo [name: default]
2026-09-08T19:22:24.911+05:30  INFO 28508 --- [user-service] [           main] org.hibernate.orm.core                   : HHH000001: Hibernate ORM core version 7.4.5.Final
2026-09-08T19:22:25.541+05:30  INFO 28508 --- [user-service] [           main] o.s.o.j.p.SpringPersistenceUnitInfo      : No LoadTimeWeaver setup: ignoring JPA class transformer
2026-09-08T19:22:25.586+05:30  INFO 28508 --- [user-service] [           main] com.zaxxer.hikari.HikariDataSource       : HikariPool-1 - Starting...
2026-09-08T19:22:25.901+05:30  INFO 28508 --- [user-service] [           main] com.zaxxer.hikari.pool.HikariPool        : HikariPool-1 - Added connection org.postgresql.jdbc.PgConnection@3a9c11fb
2026-09-08T19:22:25.903+05:30  INFO 28508 --- [user-service] [           main] com.zaxxer.hikari.HikariDataSource       : HikariPool-1 - Start completed.
2026-09-08T19:22:25.946+05:30  WARN 28508 --- [user-service] [           main] org.hibernate.orm.deprecation            : HHH90000025: PostgreSQLDialect does not need to be specified explicitly using 'hibernate.dialect' (remove the property setting and it will be selected by default)
2026-09-08T19:22:25.983+05:30  INFO 28508 --- [user-service] [           main] org.hibernate.orm.connections.pooling    : HHH10001005: Database info:
	Database JDBC URL [jdbc:postgresql://localhost:5432/iiiotwms]
	Database driver: PostgreSQL JDBC Driver
	Database dialect: PostgreSQLDialect
	Database version: 18.6
	Default catalog/schema: iiiotwms/public
	Autocommit mode: undefined/unknown
	Isolation level: READ_COMMITTED [default READ_COMMITTED]
	JDBC fetch size: none
	Pool: DataSourceConnectionProvider
	Minimum pool size: undefined/unknown
	Maximum pool size: undefined/unknown
2026-09-08T19:22:27.371+05:30  INFO 28508 --- [user-service] [           main] org.hibernate.orm.core                   : HHH000489: No JTA platform available (set 'hibernate.transaction.jta.platform' to enable JTA platform integration)
2026-09-08T19:22:27.487+05:30  INFO 28508 --- [user-service] [           main] j.LocalContainerEntityManagerFactoryBean : Initialized JPA EntityManagerFactory for persistence unit 'default'
2026-09-08T19:22:27.645+05:30  INFO 28508 --- [user-service] [           main] o.s.d.j.r.query.QueryEnhancerFactories   : Hibernate is in classpath; If applicable, HQL parser will be used.
2026-09-08T19:22:28.167+05:30  WARN 28508 --- [user-service] [           main] JpaBaseConfiguration$JpaWebConfiguration : spring.jpa.open-in-view is enabled by default. Therefore, database queries may be performed during view rendering. Explicitly configure spring.jpa.open-in-view to disable this warning
2026-09-08T19:22:28.305+05:30  WARN 28508 --- [user-service] [           main] .s.a.UserDetailsServiceAutoConfiguration : 

Using generated security password: cc824944-509b-4640-acc6-2fa088f95ecf

This generated password is for development use only. Your security configuration must be updated before running your application in production.

2026-09-08T19:22:28.322+05:30  INFO 28508 --- [user-service] [           main] r$InitializeUserDetailsManagerConfigurer : Global AuthenticationManager configured with UserDetailsService bean with name inMemoryUserDetailsManager
2026-09-08T19:22:29.348+05:30  INFO 28508 --- [user-service] [           main] o.s.boot.tomcat.TomcatWebServer          : Tomcat started on port 8082 (http) with context path '/'
2026-09-08T19:22:29.387+05:30  INFO 28508 --- [user-service] [           main] c.i.user_service.UserServiceApplication  : Started UserServiceApplication in 8.321 seconds (process running for 9.082)
2026-09-08T19:23:17.174+05:30  INFO 28508 --- [user-service] [nio-8082-exec-1] o.a.c.c.C.[Tomcat].[localhost].[/]       : Initializing Spring DispatcherServlet 'dispatcherServlet'
2026-09-08T19:23:17.175+05:30  INFO 28508 --- [user-service] [nio-8082-exec-1] o.s.web.servlet.DispatcherServlet        : Initializing Servlet 'dispatcherServlet'
2026-09-08T19:23:17.178+05:30  INFO 28508 --- [user-service] [nio-8082-exec-1] o.s.web.servlet.DispatcherServlet        : Completed initialization in 3 ms
Hibernate: select u1_0.id,u1_0.email,u1_0.enabled,u1_0.password from users u1_0 where u1_0.email=?
