[INFO] Scanning for projects...
[INFO] 
[INFO] ---------------------< com.iiiotwms:user_service >----------------------
[INFO] Building  0.0.1-SNAPSHOT
[INFO]   from pom.xml
[INFO] --------------------------------[ jar ]---------------------------------
[INFO] 
[INFO] >>> spring-boot:4.1.1:run (default-cli) > test-compile @ user_service >>>
[INFO] 
[INFO] --- resources:3.5.0:resources (default-resources) @ user_service ---
[INFO] Copying 1 resource from src\main\resources to target\classes
[INFO] Copying 0 resource from src\main\resources to target\classes
[INFO] 
[INFO] --- compiler:3.15.0:compile (default-compile) @ user_service ---
[INFO] Nothing to compile - all classes are up to date.
[INFO] 
[INFO] --- resources:3.5.0:testResources (default-testResources) @ user_service ---
[INFO] skip non existing resourceDirectory c:\Users\psd_d\Workspace\iiiotwms\backend\user_service\src\test\resources
[INFO] 
[INFO] --- compiler:3.15.0:testCompile (default-testCompile) @ user_service ---
[INFO] Recompiling the module because of changed source code.
[INFO] Compiling 1 source file with javac [debug parameters release 26] to target\test-classes
[INFO] 
[INFO] <<< spring-boot:4.1.1:run (default-cli) < test-compile @ user_service <<<
[INFO] 
[INFO] 
[INFO] --- spring-boot:4.1.1:run (default-cli) @ user_service ---
[INFO] Attaching agents: []

  .   ____          _            __ _ _
 /\\ / ___'_ __ _ _(_)_ __  __ _ \ \ \ \
( ( )\___ | '_ | '_| | '_ \/ _` | \ \ \ \
 \\/  ___)| |_)| | | | | || (_| |  ) ) ) )
  '  |____| .__|_| |_|_| |_\__, | / / / /
 =========|_|==============|___/=/_/_/_/

 :: Spring Boot ::                (v4.1.1)

2026-09-12T13:04:40.639+05:30  INFO 30124 --- [user-service] [           main] c.i.user_service.UserServiceApplication  : Starting UserServiceApplication using Java 26.0.2.1 with PID 30124 (C:\Users\psd_d\Workspace\iiiotwms\backend\user_service\target\classes started by psd_d in c:\Users\psd_d\Workspace\iiiotwms\backend\user_service)
2026-09-12T13:04:40.647+05:30  INFO 30124 --- [user-service] [           main] c.i.user_service.UserServiceApplication  : No active profile set, falling back to 1 default profile: "default"
2026-09-12T13:04:43.659+05:30  INFO 30124 --- [user-service] [           main] .s.d.r.c.RepositoryConfigurationDelegate : Bootstrapping Spring Data JPA repositories in DEFAULT mode.
2026-09-12T13:04:43.844+05:30  INFO 30124 --- [user-service] [           main] .s.d.r.c.RepositoryConfigurationDelegate : Finished Spring Data repository scanning in 144 ms. Found 1 JPA repository interface.
2026-09-12T13:04:46.201+05:30  INFO 30124 --- [user-service] [           main] o.s.boot.tomcat.TomcatWebServer          : Tomcat initialized with port 8082 (http)
2026-09-12T13:04:46.245+05:30  INFO 30124 --- [user-service] [           main] o.apache.catalina.core.StandardService   : Starting service [Tomcat]
2026-09-12T13:04:46.246+05:30  INFO 30124 --- [user-service] [           main] o.apache.catalina.core.StandardEngine    : Starting Servlet engine: [Apache Tomcat/11.0.24]
2026-09-12T13:04:46.457+05:30  INFO 30124 --- [user-service] [           main] b.w.c.s.WebApplicationContextInitializer : Root WebApplicationContext: initialization completed in 5717 ms
2026-09-12T13:04:47.409+05:30  INFO 30124 --- [user-service] [           main] org.hibernate.orm.jpa                    : HHH008540: Processing PersistenceUnitInfo [name: default]
2026-09-12T13:04:47.599+05:30  INFO 30124 --- [user-service] [           main] org.hibernate.orm.core                   : HHH000001: Hibernate ORM core version 7.4.5.Final
2026-09-12T13:04:49.743+05:30  INFO 30124 --- [user-service] [           main] o.s.o.j.p.SpringPersistenceUnitInfo      : No LoadTimeWeaver setup: ignoring JPA class transformer
2026-09-12T13:04:50.172+05:30  INFO 30124 --- [user-service] [           main] com.zaxxer.hikari.HikariDataSource       : HikariPool-1 - Starting...
2026-09-12T13:04:50.734+05:30  INFO 30124 --- [user-service] [           main] com.zaxxer.hikari.pool.HikariPool        : HikariPool-1 - Added connection org.postgresql.jdbc.PgConnection@fceab5d
2026-09-12T13:04:50.739+05:30  INFO 30124 --- [user-service] [           main] com.zaxxer.hikari.HikariDataSource       : HikariPool-1 - Start completed.
2026-09-12T13:04:50.862+05:30  WARN 30124 --- [user-service] [           main] org.hibernate.orm.deprecation            : HHH90000025: PostgreSQLDialect does not need to be specified explicitly using 'hibernate.dialect' (remove the property setting and it will be selected by default)
2026-09-12T13:04:50.960+05:30  INFO 30124 --- [user-service] [           main] org.hibernate.orm.connections.pooling    : HHH10001005: Database info:
	Database JDBC URL [jdbc:postgresql://localhost:5432/iiiotwms]
	Database driver: PostgreSQL JDBC Driver
	Database dialect: PostgreSQLDialect
	Database version: 18.6
	Default catalog/schema: iiiotwms/public
	Autocommit mode: undefined/unknown
	Isolation level: READ_COMMITTED [default READ_COMMITTED]
	JDBC fetch size: none
	Pool: DataSourceConnectionProvider
	Minimum pool size: undefined/unknown
	Maximum pool size: undefined/unknown
2026-09-12T13:04:55.157+05:30  INFO 30124 --- [user-service] [           main] org.hibernate.orm.core                   : HHH000489: No JTA platform available (set 'hibernate.transaction.jta.platform' to enable JTA platform integration)
2026-09-12T13:04:55.394+05:30  INFO 30124 --- [user-service] [           main] j.LocalContainerEntityManagerFactoryBean : Initialized JPA EntityManagerFactory for persistence unit 'default'
2026-09-12T13:04:55.685+05:30  INFO 30124 --- [user-service] [           main] o.s.d.j.r.query.QueryEnhancerFactories   : Hibernate is in classpath; If applicable, HQL parser will be used.
2026-09-12T13:04:57.015+05:30  WARN 30124 --- [user-service] [           main] JpaBaseConfiguration$JpaWebConfiguration : spring.jpa.open-in-view is enabled by default. Therefore, database queries may be performed during view rendering. Explicitly configure spring.jpa.open-in-view to disable this warning
2026-09-12T13:04:57.250+05:30  WARN 30124 --- [user-service] [           main] .s.a.UserDetailsServiceAutoConfiguration : 

Using generated security password: feb767a8-c71b-4995-aa59-e018b564ca05

This generated password is for development use only. Your security configuration must be updated before running your application in production.

2026-09-12T13:04:57.279+05:30  INFO 30124 --- [user-service] [           main] r$InitializeUserDetailsManagerConfigurer : Global AuthenticationManager configured with UserDetailsService bean with name inMemoryUserDetailsManager
2026-09-12T13:04:59.586+05:30  INFO 30124 --- [user-service] [           main] o.s.boot.tomcat.TomcatWebServer          : Tomcat started on port 8082 (http) with context path '/'
2026-09-12T13:04:59.610+05:30  INFO 30124 --- [user-service] [           main] c.i.user_service.UserServiceApplication  : Started UserServiceApplication in 19.934 seconds (process running for 20.988)
2026-09-12T13:11:35.224+05:30  INFO 30124 --- [user-service] [nio-8082-exec-1] o.a.c.c.C.[Tomcat].[localhost].[/]       : Initializing Spring DispatcherServlet 'dispatcherServlet'
2026-09-12T13:11:35.225+05:30  INFO 30124 --- [user-service] [nio-8082-exec-1] o.s.web.servlet.DispatcherServlet        : Initializing Servlet 'dispatcherServlet'
2026-09-12T13:11:35.230+05:30  INFO 30124 --- [user-service] [nio-8082-exec-1] o.s.web.servlet.DispatcherServlet        : Completed initialization in 4 ms
2026-09-12T13:11:36.763+05:30  INFO 30124 --- [user-service] [nio-8082-exec-3] o.springdoc.api.AbstractOpenApiResource  : Init duration for springdoc-openapi is: 751 ms
2026-09-12T13:39:22.964+05:30  WARN 30124 --- [user-service] [l-1:housekeeper] com.zaxxer.hikari.pool.HikariPool        : HikariPool-1 - Thread starvation or clock leap detected (housekeeper delta=6m31s583ms19µs100ns).
Hibernate: select u1_0.id,u1_0.email,u1_0.enabled,u1_0.password from users u1_0 where u1_0.email=?
Hibernate: select u1_0.id,u1_0.email,u1_0.enabled,u1_0.password from users u1_0 where u1_0.email=?
Hibernate: select u1_0.id,u1_0.email,u1_0.enabled,u1_0.password from users u1_0 where u1_0.email=?
^C