[INFO] Scanning for projects...
[INFO] 
[INFO] --------------------< com.iiiotwms:returns-service >--------------------
[INFO] Building returns-service 0.0.1-SNAPSHOT
[INFO]   from pom.xml
[INFO] --------------------------------[ jar ]---------------------------------
[INFO] 
[INFO] >>> spring-boot:4.1.1:run (default-cli) > test-compile @ returns-service >>>
[INFO] 
[INFO] --- resources:3.5.0:resources (default-resources) @ returns-service ---
[INFO] Copying 1 resource from src\main\resources to target\classes
[INFO] Copying 0 resource from src\main\resources to target\classes
[INFO] 
[INFO] --- compiler:3.15.0:compile (default-compile) @ returns-service ---
[INFO] Nothing to compile - all classes are up to date.
[INFO] 
[INFO] --- resources:3.5.0:testResources (default-testResources) @ returns-service ---
[INFO] skip non existing resourceDirectory c:\Users\psd_d\Workspace\iiiotwms\backend\returns-service\src\test\resources
[INFO] 
[INFO] --- compiler:3.15.0:testCompile (default-testCompile) @ returns-service ---
[INFO] Nothing to compile - all classes are up to date.
[INFO] 
[INFO] <<< spring-boot:4.1.1:run (default-cli) < test-compile @ returns-service <<<
[INFO] 
[INFO] 
[INFO] --- spring-boot:4.1.1:run (default-cli) @ returns-service ---
[INFO] Attaching agents: []

  .   ____          _            __ _ _
 /\\ / ___'_ __ _ _(_)_ __  __ _ \ \ \ \
( ( )\___ | '_ | '_| | '_ \/ _` | \ \ \ \
 \\/  ___)| |_)| | | | | || (_| |  ) ) ) )
  '  |____| .__|_| |_|_| |_\__, | / / / /
 =========|_|==============|___/=/_/_/_/

 :: Spring Boot ::                (v4.1.1)

2026-09-12T13:05:04.109+05:30  INFO 34736 --- [returns-service] [           main] c.i.returns.ReturnsServiceApplication    : Starting ReturnsServiceApplication using Java 26.0.2.1 with PID 34736 (C:\Users\psd_d\Workspace\iiiotwms\backend\returns-service\target\classes started by psd_d in c:\Users\psd_d\Workspace\iiiotwms\backend\returns-service)
2026-09-12T13:05:04.115+05:30  INFO 34736 --- [returns-service] [           main] c.i.returns.ReturnsServiceApplication    : No active profile set, falling back to 1 default profile: "default"
2026-09-12T13:05:05.169+05:30  INFO 34736 --- [returns-service] [           main] .s.d.r.c.RepositoryConfigurationDelegate : Bootstrapping Spring Data JPA repositories in DEFAULT mode.
2026-09-12T13:05:05.240+05:30  INFO 34736 --- [returns-service] [           main] .s.d.r.c.RepositoryConfigurationDelegate : Finished Spring Data repository scanning in 61 ms. Found 1 JPA repository interface.
2026-09-12T13:05:06.075+05:30  INFO 34736 --- [returns-service] [           main] o.s.boot.tomcat.TomcatWebServer          : Tomcat initialized with port 8087 (http)
2026-09-12T13:05:06.108+05:30  INFO 34736 --- [returns-service] [           main] o.apache.catalina.core.StandardService   : Starting service [Tomcat]
2026-09-12T13:05:06.108+05:30  INFO 34736 --- [returns-service] [           main] o.apache.catalina.core.StandardEngine    : Starting Servlet engine: [Apache Tomcat/11.0.24]
2026-09-12T13:05:06.256+05:30  INFO 34736 --- [returns-service] [           main] b.w.c.s.WebApplicationContextInitializer : Root WebApplicationContext: initialization completed in 2057 ms
2026-09-12T13:05:06.715+05:30  INFO 34736 --- [returns-service] [           main] org.hibernate.orm.jpa                    : HHH008540: Processing PersistenceUnitInfo [name: default]
2026-09-12T13:05:06.859+05:30  INFO 34736 --- [returns-service] [           main] org.hibernate.orm.core                   : HHH000001: Hibernate ORM core version 7.4.5.Final
2026-09-12T13:05:08.202+05:30  INFO 34736 --- [returns-service] [           main] o.s.o.j.p.SpringPersistenceUnitInfo      : No LoadTimeWeaver setup: ignoring JPA class transformer
2026-09-12T13:05:08.305+05:30  INFO 34736 --- [returns-service] [           main] com.zaxxer.hikari.HikariDataSource       : HikariPool-1 - Starting...
2026-09-12T13:05:08.775+05:30  INFO 34736 --- [returns-service] [           main] com.zaxxer.hikari.pool.HikariPool        : HikariPool-1 - Added connection org.postgresql.jdbc.PgConnection@2a42019a
2026-09-12T13:05:08.780+05:30  INFO 34736 --- [returns-service] [           main] com.zaxxer.hikari.HikariDataSource       : HikariPool-1 - Start completed.
2026-09-12T13:05:08.968+05:30  INFO 34736 --- [returns-service] [           main] org.hibernate.orm.connections.pooling    : HHH10001005: Database info:
	Database JDBC URL [jdbc:postgresql://localhost:5432/iiiotwms]
	Database driver: PostgreSQL JDBC Driver
	Database dialect: PostgreSQLDialect
	Database version: 18.6
	Default catalog/schema: iiiotwms/public
	Autocommit mode: undefined/unknown
	Isolation level: READ_COMMITTED [default READ_COMMITTED]
	JDBC fetch size: none
	Pool: DataSourceConnectionProvider
	Minimum pool size: undefined/unknown
	Maximum pool size: undefined/unknown
2026-09-12T13:05:11.724+05:30  INFO 34736 --- [returns-service] [           main] org.hibernate.orm.core                   : HHH000489: No JTA platform available (set 'hibernate.transaction.jta.platform' to enable JTA platform integration)
Hibernate: 
    alter table if exists return_dtl 
       alter column id set data type bigint
Hibernate: 
    alter table if exists return_dtl 
       add column condition varchar(255)
Hibernate: 
    alter table if exists return_dtl 
       add column disposition varchar(255)
Hibernate: 
    alter table if exists return_dtl 
       alter column item_code set data type varchar(255)
Hibernate: 
    alter table if exists return_dtl 
       add column returned_qty integer
Hibernate: 
    alter table if exists return_dtl 
       add column return_hdr_id bigint not null
Hibernate: 
    alter table if exists return_hdr 
       alter column id set data type bigint
Hibernate: 
    alter table if exists return_hdr 
       alter column customer set data type varchar(255)
Hibernate: 
    alter table if exists return_hdr 
       add column reason varchar(255)
Hibernate: 
    alter table if exists return_hdr 
       add column return_date date
Hibernate: 
    alter table if exists return_hdr 
       add column return_number varchar(255)
Hibernate: 
    alter table if exists return_hdr 
       add column so_number varchar(255)
Hibernate: 
    alter table if exists return_hdr 
       alter column status set data type varchar(255)
Hibernate: 
    alter table if exists return_dtl 
       add constraint FKahrkyrh75xr34m5byr1u67j4r 
       foreign key (return_hdr_id) 
       references return_hdr
2026-09-12T13:05:12.104+05:30  INFO 34736 --- [returns-service] [           main] j.LocalContainerEntityManagerFactoryBean : Initialized JPA EntityManagerFactory for persistence unit 'default'
2026-09-12T13:05:12.331+05:30  INFO 34736 --- [returns-service] [           main] o.s.d.j.r.query.QueryEnhancerFactories   : Hibernate is in classpath; If applicable, HQL parser will be used.
2026-09-12T13:05:13.017+05:30  WARN 34736 --- [returns-service] [           main] JpaBaseConfiguration$JpaWebConfiguration : spring.jpa.open-in-view is enabled by default. Therefore, database queries may be performed during view rendering. Explicitly configure spring.jpa.open-in-view to disable this warning
2026-09-12T13:05:14.214+05:30  INFO 34736 --- [returns-service] [           main] o.s.boot.tomcat.TomcatWebServer          : Tomcat started on port 8087 (http) with context path '/'
2026-09-12T13:05:14.233+05:30  INFO 34736 --- [returns-service] [           main] c.i.returns.ReturnsServiceApplication    : Started ReturnsServiceApplication in 10.822 seconds (process running for 11.304)
2026-09-12T13:13:35.720+05:30  INFO 34736 --- [returns-service] [nio-8087-exec-1] o.a.c.c.C.[Tomcat].[localhost].[/]       : Initializing Spring DispatcherServlet 'dispatcherServlet'
2026-09-12T13:13:35.721+05:30  INFO 34736 --- [returns-service] [nio-8087-exec-1] o.s.web.servlet.DispatcherServlet        : Initializing Servlet 'dispatcherServlet'
2026-09-12T13:13:35.726+05:30  INFO 34736 --- [returns-service] [nio-8087-exec-1] o.s.web.servlet.DispatcherServlet        : Completed initialization in 5 ms
2026-09-12T13:13:37.097+05:30  INFO 34736 --- [returns-service] [io-8087-exec-10] o.springdoc.api.AbstractOpenApiResource  : Init duration for springdoc-openapi is: 586 ms
2026-09-12T13:39:18.222+05:30  WARN 34736 --- [returns-service] [l-1:housekeeper] com.zaxxer.hikari.pool.HikariPool        : HikariPool-1 - Thread starvation or clock leap detected (housekeeper delta=6m8s846ms484µs700ns).
^C