[INFO] Scanning for projects...
[INFO] 
[INFO] --------------------< com.iiiotwms:master_services >--------------------
[INFO] Building master_services 0.0.1-SNAPSHOT
[INFO]   from pom.xml
[INFO] --------------------------------[ jar ]---------------------------------
[INFO] 
[INFO] >>> spring-boot:4.1.1:run (default-cli) > test-compile @ master_services >>>
[INFO] 
[INFO] --- resources:3.5.0:resources (default-resources) @ master_services ---
[INFO] Copying 1 resource from src\main\resources to target\classes
[INFO] Copying 0 resource from src\main\resources to target\classes
[INFO] 
[INFO] --- compiler:3.15.0:compile (default-compile) @ master_services ---
[INFO] Nothing to compile - all classes are up to date.
[INFO] 
[INFO] --- resources:3.5.0:testResources (default-testResources) @ master_services ---
[INFO] Copying 1 resource from src\test\resources to target\test-classes
[INFO] 
[INFO] --- compiler:3.15.0:testCompile (default-testCompile) @ master_services ---
[INFO] Nothing to compile - all classes are up to date.
[INFO] 
[INFO] <<< spring-boot:4.1.1:run (default-cli) < test-compile @ master_services <<<
[INFO] 
[INFO] 
[INFO] --- spring-boot:4.1.1:run (default-cli) @ master_services ---
[INFO] Attaching agents: []

  .   ____          _            __ _ _
 /\\ / ___'_ __ _ _(_)_ __  __ _ \ \ \ \
( ( )\___ | '_ | '_| | '_ \/ _` | \ \ \ \
 \\/  ___)| |_)| | | | | || (_| |  ) ) ) )
  '  |____| .__|_| |_|_| |_\__, | / / / /
 =========|_|==============|___/=/_/_/_/

 :: Spring Boot ::                (v4.1.1)

2026-09-12T13:04:04.716+05:30  INFO 32052 --- [master_services] [           main] c.i.m.MasterServicesApplication          : Starting MasterServicesApplication using Java 26.0.2.1 with PID 32052 (C:\Users\psd_d\Workspace\iiiotwms\backend\master_services\target\classes started by psd_d in c:\Users\psd_d\Workspace\iiiotwms\backend\master_services)
2026-09-12T13:04:04.719+05:30  INFO 32052 --- [master_services] [           main] c.i.m.MasterServicesApplication          : No active profile set, falling back to 1 default profile: "default"
2026-09-12T13:04:05.506+05:30  INFO 32052 --- [master_services] [           main] .s.d.r.c.RepositoryConfigurationDelegate : Bootstrapping Spring Data JPA repositories in DEFAULT mode.
2026-09-12T13:04:05.526+05:30  INFO 32052 --- [master_services] [           main] .s.d.r.c.RepositoryConfigurationDelegate : Finished Spring Data repository scanning in 11 ms. Found 0 JPA repository interfaces.
2026-09-12T13:04:06.091+05:30  INFO 32052 --- [master_services] [           main] o.s.boot.tomcat.TomcatWebServer          : Tomcat initialized with port 8080 (http)
2026-09-12T13:04:06.103+05:30  INFO 32052 --- [master_services] [           main] o.apache.catalina.core.StandardService   : Starting service [Tomcat]
2026-09-12T13:04:06.104+05:30  INFO 32052 --- [master_services] [           main] o.apache.catalina.core.StandardEngine    : Starting Servlet engine: [Apache Tomcat/11.0.24]
2026-09-12T13:04:06.169+05:30  INFO 32052 --- [master_services] [           main] b.w.c.s.WebApplicationContextInitializer : Root WebApplicationContext: initialization completed in 1399 ms
2026-09-12T13:04:06.337+05:30  INFO 32052 --- [master_services] [           main] org.hibernate.orm.jpa                    : HHH008540: Processing PersistenceUnitInfo [name: default]
2026-09-12T13:04:06.392+05:30  INFO 32052 --- [master_services] [           main] org.hibernate.orm.core                   : HHH000001: Hibernate ORM core version 7.4.5.Final
2026-09-12T13:04:06.846+05:30  INFO 32052 --- [master_services] [           main] o.s.o.j.p.SpringPersistenceUnitInfo      : No LoadTimeWeaver setup: ignoring JPA class transformer
2026-09-12T13:04:06.872+05:30  INFO 32052 --- [master_services] [           main] com.zaxxer.hikari.HikariDataSource       : HikariPool-1 - Starting...
2026-09-12T13:04:07.070+05:30  INFO 32052 --- [master_services] [           main] com.zaxxer.hikari.pool.HikariPool        : HikariPool-1 - Added connection org.postgresql.jdbc.PgConnection@37cf91d8
2026-09-12T13:04:07.072+05:30  INFO 32052 --- [master_services] [           main] com.zaxxer.hikari.HikariDataSource       : HikariPool-1 - Start completed.
2026-09-12T13:04:07.147+05:30  INFO 32052 --- [master_services] [           main] org.hibernate.orm.connections.pooling    : HHH10001005: Database info:
	Database JDBC URL [jdbc:postgresql://localhost:5432/iiiotwms]
	Database driver: PostgreSQL JDBC Driver
	Database dialect: PostgreSQLDialect
	Database version: 18.6
	Default catalog/schema: iiiotwms/public
	Autocommit mode: undefined/unknown
	Isolation level: READ_COMMITTED [default READ_COMMITTED]
	JDBC fetch size: none
	Pool: DataSourceConnectionProvider
	Minimum pool size: undefined/unknown
	Maximum pool size: undefined/unknown
2026-09-12T13:04:07.569+05:30  INFO 32052 --- [master_services] [           main] org.hibernate.orm.core                   : HHH000489: No JTA platform available (set 'hibernate.transaction.jta.platform' to enable JTA platform integration)
2026-09-12T13:04:07.647+05:30  INFO 32052 --- [master_services] [           main] j.LocalContainerEntityManagerFactoryBean : Initialized JPA EntityManagerFactory for persistence unit 'default'
2026-09-12T13:04:07.805+05:30  WARN 32052 --- [master_services] [           main] JpaBaseConfiguration$JpaWebConfiguration : spring.jpa.open-in-view is enabled by default. Therefore, database queries may be performed during view rendering. Explicitly configure spring.jpa.open-in-view to disable this warning
2026-09-12T13:04:08.289+05:30  INFO 32052 --- [master_services] [           main] o.s.boot.tomcat.TomcatWebServer          : Tomcat started on port 8080 (http) with context path '/'
2026-09-12T13:04:08.295+05:30  INFO 32052 --- [master_services] [           main] c.i.m.MasterServicesApplication          : Started MasterServicesApplication in 4.026 seconds (process running for 4.476)
2026-09-12T13:10:48.135+05:30  INFO 32052 --- [master_services] [nio-8080-exec-2] o.a.c.c.C.[Tomcat].[localhost].[/]       : Initializing Spring DispatcherServlet 'dispatcherServlet'
2026-09-12T13:10:48.136+05:30  INFO 32052 --- [master_services] [nio-8080-exec-2] o.s.web.servlet.DispatcherServlet        : Initializing Servlet 'dispatcherServlet'
2026-09-12T13:10:48.142+05:30  INFO 32052 --- [master_services] [nio-8080-exec-2] o.s.web.servlet.DispatcherServlet        : Completed initialization in 5 ms
2026-09-12T13:10:49.267+05:30  INFO 32052 --- [master_services] [nio-8080-exec-9] o.springdoc.api.AbstractOpenApiResource  : Init duration for springdoc-openapi is: 420 ms
2026-09-12T13:39:13.429+05:30  WARN 32052 --- [master_services] [l-1:housekeeper] com.zaxxer.hikari.pool.HikariPool        : HikariPool-1 - Thread starvation or clock leap detected (housekeeper delta=6m5s811ms80µs).
