[INFO] Scanning for projects...
[INFO] 
[INFO] -----------------< com.iiiotwms:rules-engine-service >------------------
[INFO] Building rules-engine-service 0.0.1-SNAPSHOT
[INFO]   from pom.xml
[INFO] --------------------------------[ jar ]---------------------------------
[INFO] 
[INFO] >>> spring-boot:4.1.1:run (default-cli) > test-compile @ rules-engine-service >>>
[INFO] 
[INFO] --- resources:3.5.0:resources (default-resources) @ rules-engine-service ---
[INFO] Copying 1 resource from src\main\resources to target\classes
[INFO] Copying 0 resource from src\main\resources to target\classes
[INFO] 
[INFO] --- compiler:3.15.0:compile (default-compile) @ rules-engine-service ---
[INFO] Recompiling the module because of changed source code.
[INFO] Compiling 8 source files with javac [debug parameters release 21] to target\classes
WARNING: A terminally deprecated method in sun.misc.Unsafe has been called
WARNING: sun.misc.Unsafe::objectFieldOffset has been called by lombok.permit.Permit
WARNING: Please consider reporting this to the maintainers of class lombok.permit.Permit
WARNING: sun.misc.Unsafe::objectFieldOffset will be removed in a future release
[INFO] 
[INFO] --- resources:3.5.0:testResources (default-testResources) @ rules-engine-service ---
[INFO] skip non existing resourceDirectory c:\Users\psd_d\Workspace\iiiotwms\backend\rules-engine-service\src\test\resources
[INFO] 
[INFO] --- compiler:3.15.0:testCompile (default-testCompile) @ rules-engine-service ---
[INFO] Recompiling the module because of changed dependency.
[INFO] Compiling 1 source file with javac [debug parameters release 21] to target\test-classes
[INFO] 
[INFO] <<< spring-boot:4.1.1:run (default-cli) < test-compile @ rules-engine-service <<<
[INFO] 
[INFO] 
[INFO] --- spring-boot:4.1.1:run (default-cli) @ rules-engine-service ---
[INFO] Attaching agents: []

  .   ____          _            __ _ _
 /\\ / ___'_ __ _ _(_)_ __  __ _ \ \ \ \
( ( )\___ | '_ | '_| | '_ \/ _` | \ \ \ \
 \\/  ___)| |_)| | | | | || (_| |  ) ) ) )
  '  |____| .__|_| |_|_| |_\__, | / / / /
 =========|_|==============|___/=/_/_/_/

 :: Spring Boot ::                (v4.1.1)

2026-09-12T13:08:51.481+05:30  INFO 16336 --- [rules-engine-service] [           main] c.i.r.RulesEngineServiceApplication      : Starting RulesEngineServiceApplication using Java 26.0.2.1 with PID 16336 (C:\Users\psd_d\Workspace\iiiotwms\backend\rules-engine-service\target\classes started by psd_d in c:\Users\psd_d\Workspace\iiiotwms\backend\rules-engine-service)
2026-09-12T13:08:51.484+05:30  INFO 16336 --- [rules-engine-service] [           main] c.i.r.RulesEngineServiceApplication      : No active profile set, falling back to 1 default profile: "default"
2026-09-12T13:08:52.425+05:30  INFO 16336 --- [rules-engine-service] [           main] .s.d.r.c.RepositoryConfigurationDelegate : Bootstrapping Spring Data JPA repositories in DEFAULT mode.
2026-09-12T13:08:52.486+05:30  INFO 16336 --- [rules-engine-service] [           main] .s.d.r.c.RepositoryConfigurationDelegate : Finished Spring Data repository scanning in 52 ms. Found 2 JPA repository interfaces.
2026-09-12T13:08:53.189+05:30  INFO 16336 --- [rules-engine-service] [           main] o.s.boot.tomcat.TomcatWebServer          : Tomcat initialized with port 8084 (http)
2026-09-12T13:08:53.206+05:30  INFO 16336 --- [rules-engine-service] [           main] o.apache.catalina.core.StandardService   : Starting service [Tomcat]
2026-09-12T13:08:53.206+05:30  INFO 16336 --- [rules-engine-service] [           main] o.apache.catalina.core.StandardEngine    : Starting Servlet engine: [Apache Tomcat/11.0.24]
2026-09-12T13:08:53.312+05:30  INFO 16336 --- [rules-engine-service] [           main] b.w.c.s.WebApplicationContextInitializer : Root WebApplicationContext: initialization completed in 1763 ms
2026-09-12T13:08:53.844+05:30  INFO 16336 --- [rules-engine-service] [           main] org.hibernate.orm.jpa                    : HHH008540: Processing PersistenceUnitInfo [name: default]
2026-09-12T13:08:53.990+05:30  INFO 16336 --- [rules-engine-service] [           main] org.hibernate.orm.core                   : HHH000001: Hibernate ORM core version 7.4.5.Final
2026-09-12T13:08:55.216+05:30  INFO 16336 --- [rules-engine-service] [           main] o.s.o.j.p.SpringPersistenceUnitInfo      : No LoadTimeWeaver setup: ignoring JPA class transformer
2026-09-12T13:08:55.295+05:30  INFO 16336 --- [rules-engine-service] [           main] com.zaxxer.hikari.HikariDataSource       : HikariPool-1 - Starting...
2026-09-12T13:08:55.766+05:30  INFO 16336 --- [rules-engine-service] [           main] com.zaxxer.hikari.pool.HikariPool        : HikariPool-1 - Added connection org.postgresql.jdbc.PgConnection@1c58d7be
2026-09-12T13:08:55.770+05:30  INFO 16336 --- [rules-engine-service] [           main] com.zaxxer.hikari.HikariDataSource       : HikariPool-1 - Start completed.
2026-09-12T13:08:55.942+05:30  INFO 16336 --- [rules-engine-service] [           main] org.hibernate.orm.connections.pooling    : HHH10001005: Database info:
	Database JDBC URL [jdbc:postgresql://localhost:5432/iiiotwms]
	Database driver: PostgreSQL JDBC Driver
	Database dialect: PostgreSQLDialect
	Database version: 18.6
	Default catalog/schema: iiiotwms/public
	Autocommit mode: undefined/unknown
	Isolation level: READ_COMMITTED [default READ_COMMITTED]
	JDBC fetch size: none
	Pool: DataSourceConnectionProvider
	Minimum pool size: undefined/unknown
	Maximum pool size: undefined/unknown
2026-09-12T13:08:58.556+05:30  INFO 16336 --- [rules-engine-service] [           main] org.hibernate.orm.core                   : HHH000489: No JTA platform available (set 'hibernate.transaction.jta.platform' to enable JTA platform integration)
2026-09-12T13:08:58.795+05:30  INFO 16336 --- [rules-engine-service] [           main] j.LocalContainerEntityManagerFactoryBean : Initialized JPA EntityManagerFactory for persistence unit 'default'
2026-09-12T13:08:59.002+05:30  INFO 16336 --- [rules-engine-service] [           main] o.s.d.j.r.query.QueryEnhancerFactories   : Hibernate is in classpath; If applicable, HQL parser will be used.
2026-09-12T13:08:59.542+05:30  WARN 16336 --- [rules-engine-service] [           main] JpaBaseConfiguration$JpaWebConfiguration : spring.jpa.open-in-view is enabled by default. Therefore, database queries may be performed during view rendering. Explicitly configure spring.jpa.open-in-view to disable this warning
2026-09-12T13:09:00.877+05:30  INFO 16336 --- [rules-engine-service] [           main] o.s.boot.tomcat.TomcatWebServer          : Tomcat started on port 8084 (http) with context path '/'
2026-09-12T13:09:00.896+05:30  INFO 16336 --- [rules-engine-service] [           main] c.i.r.RulesEngineServiceApplication      : Started RulesEngineServiceApplication in 10.092 seconds (process running for 10.594)
2026-09-12T13:12:18.284+05:30  INFO 16336 --- [rules-engine-service] [nio-8084-exec-1] o.a.c.c.C.[Tomcat].[localhost].[/]       : Initializing Spring DispatcherServlet 'dispatcherServlet'
2026-09-12T13:12:18.285+05:30  INFO 16336 --- [rules-engine-service] [nio-8084-exec-1] o.s.web.servlet.DispatcherServlet        : Initializing Servlet 'dispatcherServlet'
2026-09-12T13:12:18.290+05:30  INFO 16336 --- [rules-engine-service] [nio-8084-exec-1] o.s.web.servlet.DispatcherServlet        : Completed initialization in 4 ms
2026-09-12T13:12:19.523+05:30  INFO 16336 --- [rules-engine-service] [io-8084-exec-10] o.springdoc.api.AbstractOpenApiResource  : Init duration for springdoc-openapi is: 563 ms
2026-09-12T13:39:15.491+05:30  WARN 16336 --- [rules-engine-service] [l-1:housekeeper] com.zaxxer.hikari.pool.HikariPool        : HikariPool-1 - Thread starvation or clock leap detected (housekeeper delta=6m19s98ms580µs100ns).
