[INFO] Scanning for projects...
[INFO] 
[INFO] -------------------< com.iiiotwms:inventory-service >-------------------
[INFO] Building inventory-service 0.0.1-SNAPSHOT
[INFO]   from pom.xml
[INFO] --------------------------------[ jar ]---------------------------------
[INFO] 
[INFO] >>> spring-boot:4.1.1:run (default-cli) > test-compile @ inventory-service >>>
[INFO] 
[INFO] --- resources:3.5.0:resources (default-resources) @ inventory-service ---
[INFO] Copying 1 resource from src\main\resources to target\classes
[INFO] Copying 0 resource from src\main\resources to target\classes
[INFO] 
[INFO] --- compiler:3.15.0:compile (default-compile) @ inventory-service ---
[INFO] Nothing to compile - all classes are up to date.
[INFO] 
[INFO] --- resources:3.5.0:testResources (default-testResources) @ inventory-service ---
[INFO] skip non existing resourceDirectory c:\Users\psd_d\Workspace\iiiotwms\backend\inventory-service\src\test\resources
[INFO] 
[INFO] --- compiler:3.15.0:testCompile (default-testCompile) @ inventory-service ---
[INFO] Nothing to compile - all classes are up to date.
[INFO] 
[INFO] <<< spring-boot:4.1.1:run (default-cli) < test-compile @ inventory-service <<<
[INFO] 
[INFO] 
[INFO] --- spring-boot:4.1.1:run (default-cli) @ inventory-service ---
[INFO] Attaching agents: []

  .   ____          _            __ _ _
 /\\ / ___'_ __ _ _(_)_ __  __ _ \ \ \ \
( ( )\___ | '_ | '_| | '_ \/ _` | \ \ \ \
 \\/  ___)| |_)| | | | | || (_| |  ) ) ) )
  '  |____| .__|_| |_|_| |_\__, | / / / /
 =========|_|==============|___/=/_/_/_/

 :: Spring Boot ::                (v4.1.1)

2026-09-12T13:04:55.880+05:30  INFO 21172 --- [inventory-service] [           main] c.i.i.InventoryServiceApplication        : Starting InventoryServiceApplication using Java 26.0.2.1 with PID 21172 (C:\Users\psd_d\Workspace\iiiotwms\backend\inventory-service\target\classes started by psd_d in c:\Users\psd_d\Workspace\iiiotwms\backend\inventory-service)
2026-09-12T13:04:55.886+05:30  INFO 21172 --- [inventory-service] [           main] c.i.i.InventoryServiceApplication        : No active profile set, falling back to 1 default profile: "default"
2026-09-12T13:04:57.288+05:30  INFO 21172 --- [inventory-service] [           main] .s.d.r.c.RepositoryConfigurationDelegate : Bootstrapping Spring Data JPA repositories in DEFAULT mode.
2026-09-12T13:04:57.511+05:30  INFO 21172 --- [inventory-service] [           main] .s.d.r.c.RepositoryConfigurationDelegate : Finished Spring Data repository scanning in 184 ms. Found 3 JPA repository interfaces.
2026-09-12T13:04:59.829+05:30  INFO 21172 --- [inventory-service] [           main] o.s.boot.tomcat.TomcatWebServer          : Tomcat initialized with port 8085 (http)
2026-09-12T13:04:59.879+05:30  INFO 21172 --- [inventory-service] [           main] o.apache.catalina.core.StandardService   : Starting service [Tomcat]
2026-09-12T13:04:59.880+05:30  INFO 21172 --- [inventory-service] [           main] o.apache.catalina.core.StandardEngine    : Starting Servlet engine: [Apache Tomcat/11.0.24]
2026-09-12T13:05:00.214+05:30  INFO 21172 --- [inventory-service] [           main] b.w.c.s.WebApplicationContextInitializer : Root WebApplicationContext: initialization completed in 4252 ms
2026-09-12T13:05:01.089+05:30  INFO 21172 --- [inventory-service] [           main] org.hibernate.orm.jpa                    : HHH008540: Processing PersistenceUnitInfo [name: default]
2026-09-12T13:05:01.306+05:30  INFO 21172 --- [inventory-service] [           main] org.hibernate.orm.core                   : HHH000001: Hibernate ORM core version 7.4.5.Final
2026-09-12T13:05:03.001+05:30  INFO 21172 --- [inventory-service] [           main] o.s.o.j.p.SpringPersistenceUnitInfo      : No LoadTimeWeaver setup: ignoring JPA class transformer
2026-09-12T13:05:03.099+05:30  INFO 21172 --- [inventory-service] [           main] com.zaxxer.hikari.HikariDataSource       : HikariPool-1 - Starting...
2026-09-12T13:05:03.545+05:30  INFO 21172 --- [inventory-service] [           main] com.zaxxer.hikari.pool.HikariPool        : HikariPool-1 - Added connection org.postgresql.jdbc.PgConnection@4b336cc8
2026-09-12T13:05:03.550+05:30  INFO 21172 --- [inventory-service] [           main] com.zaxxer.hikari.HikariDataSource       : HikariPool-1 - Start completed.
2026-09-12T13:05:03.749+05:30  INFO 21172 --- [inventory-service] [           main] org.hibernate.orm.connections.pooling    : HHH10001005: Database info:
	Database JDBC URL [jdbc:postgresql://localhost:5432/iiiotwms]
	Database driver: PostgreSQL JDBC Driver
	Database dialect: PostgreSQLDialect
	Database version: 18.6
	Default catalog/schema: iiiotwms/public
	Autocommit mode: undefined/unknown
	Isolation level: READ_COMMITTED [default READ_COMMITTED]
	JDBC fetch size: none
	Pool: DataSourceConnectionProvider
	Minimum pool size: undefined/unknown
	Maximum pool size: undefined/unknown
2026-09-12T13:05:06.075+05:30  INFO 21172 --- [inventory-service] [           main] org.hibernate.orm.core                   : HHH000489: No JTA platform available (set 'hibernate.transaction.jta.platform' to enable JTA platform integration)
Hibernate: 
    alter table if exists inventory_hdr 
       alter column id set data type bigint
Hibernate: 
    alter table if exists inventory_hdr 
       alter column item_code set data type varchar(255)
Hibernate: 
    alter table if exists inventory_hdr 
       alter column location set data type varchar(255)
Hibernate: 
    alter table if exists inventory_hdr 
       alter column lot_id set data type bigint
Hibernate: 
    alter table if exists inventory_hdr 
       alter column lpn_id set data type bigint
Hibernate: 
    alter table if exists lot_hdr 
       alter column id set data type bigint
Hibernate: 
    alter table if exists lot_hdr 
       alter column lot_number set data type varchar(255)
Hibernate: 
    alter table if exists lpn_hdr 
       alter column id set data type bigint
Hibernate: 
    alter table if exists lpn_hdr 
       alter column lpn set data type varchar(255)
2026-09-12T13:05:06.424+05:30  INFO 21172 --- [inventory-service] [           main] j.LocalContainerEntityManagerFactoryBean : Initialized JPA EntityManagerFactory for persistence unit 'default'
2026-09-12T13:05:06.623+05:30  INFO 21172 --- [inventory-service] [           main] o.s.d.j.r.query.QueryEnhancerFactories   : Hibernate is in classpath; If applicable, HQL parser will be used.
2026-09-12T13:05:07.165+05:30  WARN 21172 --- [inventory-service] [           main] JpaBaseConfiguration$JpaWebConfiguration : spring.jpa.open-in-view is enabled by default. Therefore, database queries may be performed during view rendering. Explicitly configure spring.jpa.open-in-view to disable this warning
2026-09-12T13:05:08.379+05:30  INFO 21172 --- [inventory-service] [           main] o.s.boot.tomcat.TomcatWebServer          : Tomcat started on port 8085 (http) with context path '/'
2026-09-12T13:05:08.397+05:30  INFO 21172 --- [inventory-service] [           main] c.i.i.InventoryServiceApplication        : Started InventoryServiceApplication in 13.32 seconds (process running for 14.2)
2026-09-12T13:12:42.830+05:30  INFO 21172 --- [inventory-service] [nio-8085-exec-1] o.a.c.c.C.[Tomcat].[localhost].[/]       : Initializing Spring DispatcherServlet 'dispatcherServlet'
2026-09-12T13:12:42.831+05:30  INFO 21172 --- [inventory-service] [nio-8085-exec-1] o.s.web.servlet.DispatcherServlet        : Initializing Servlet 'dispatcherServlet'
2026-09-12T13:12:42.838+05:30  INFO 21172 --- [inventory-service] [nio-8085-exec-1] o.s.web.servlet.DispatcherServlet        : Completed initialization in 5 ms
2026-09-12T13:12:44.393+05:30  INFO 21172 --- [inventory-service] [io-8085-exec-10] o.springdoc.api.AbstractOpenApiResource  : Init duration for springdoc-openapi is: 741 ms
2026-09-12T13:39:12.745+05:30  WARN 21172 --- [inventory-service] [l-1:housekeeper] com.zaxxer.hikari.pool.HikariPool        : HikariPool-1 - Thread starvation or clock leap detected (housekeeper delta=6m8s616ms375µs400ns).
